******************************************************************************
              TMS320C55x Linker PC v4.3.6                      
******************************************************************************
>> Linked Wed Nov 01 16:58:53 2017

OUTPUT FILE NAME:   <src.out>
ENTRY POINT SYMBOL: "_c_int00"  address: 000206c5


MEMORY CONFIGURATION

         name            origin    length      used     unused   attr    fill
                        (bytes)   (bytes)    (bytes)   (bytes)
----------------------  --------  ---------  --------  --------  ----  --------
PAGE 0:
  MMR                   00000000   000000c0  00000000  000000c0  RWIX
  DARAM0                000000c0   0000ff40  00003612  0000c92e  RWIX
  SARAM0                00010000   00010000  00000000  00010000  RWIX
  SARAM1                00020000   00020000  00000715  0001f8eb  RWIX
  SARAM2                00040000   0000fe00  00000644  0000f7bc  RWIX
  VECS                  0004fe00   00000200  00000100  00000100  RWIX
  PDROM                 00ff8000   00008000  00000000  00008000  R IX

PAGE 2:
  IOPORT                00000000   00020000  00000000  00020000  RWI 


SECTION ALLOCATION MAP
(Addresses surrounded by []'s are displayed for convenience only!)

output                                                          attributes/
section   page  orgn(bytes) orgn(words) len(bytes) len(words)   input sections
--------  ----  ----------- ----------- ---------- ----------   --------------
.pinit       0   [ 00040000 ]  00020000          *   00000000   UNINITIALIZED

.stack       0   [ 000000c0 ]  00000060          *   00001000   UNINITIALIZED
                 [ 000000c0 ]  00000060          *   00001000   --HOLE--

.data        0   [ 000000c0 ]  00000060          *   00000000   UNINITIALIZED

.sysstack 
*            0   [ 000020c0 ]  00001060          *   00000800   UNINITIALIZED
                 [ 000020c0 ]  00001060          *   00000800   --HOLE--

.bss         0   [ 000030c0 ]  00001860          *   00000309   UNINITIALIZED
                 [ 000030c0 ]  00001860          *   00000300   main.obj (.bss)
                 [ 000036c0 ]  00001b60          *   00000004   rts55x.lib : _lock.obj (.bss)
                 [ 000036c8 ]  00001b64          *   00000004              : exit.obj (.bss)
                 [ 000036d0 ]  00001b68          *   00000001   usbstk5515bsl.lib : usbstk5515_i2c.obj (.bss)

.text        0     00020000  [ 00010000 ] 00000715          *   
                   00020000  [ 00010000 ] 00000223          *   452_Labs_Essentials.lib : AIC_func.obj (.text)
                   00020223  [ 00010111+] 00000156          *   usbstk5515bsl.lib : usbstk5515_gpio.obj (.text)
                   00020379  [ 000101bc+] 0000013e          *                     : usbstk5515_i2c.obj (.text)
                   000204b7  [ 0001025b+] 00000079          *   main.obj (.text)
                   00020530  [ 00010298 ] 0000006b          *   55xdspx_LARGE.lib : fir.obj (.text)
                   0002059b  [ 000102cd+] 00000054          *   usbstk5515bsl.lib : usbstk5515.obj (.text)
                   000205ef  [ 000102f7+] 0000004d          *   rts55x.lib : autoinit.obj (.text)
                   0002063c  [ 0001031e ] 0000004b          *              : args_main.obj (.text)
                   00020687  [ 00010343+] 0000003e          *              : exit.obj (.text)
                   000206c5  [ 00010362+] 00000034          *              : boot.obj (.text)
                   000206f9  [ 0001037c+] 00000012          *              : _lock.obj (.text)
                   0002070b  [ 00010385+] 00000007          *              : exit.obj (.text:CIO_breakpoint)
                   00020712  [ 00010389 ] 00000002          *              : vectors.obj (.text)
                   00020714  [ 0001038a ] 00000001          *   --HOLE-- [fill = 20]

.cinit       0   [ 00040000 ]  00020000          *   00000322   
                 [ 00040000 ]  00020000          *   00000309   main.obj (.cinit)
                 [ 00040612 ]  00020309          *   0000000a   rts55x.lib : _lock.obj (.cinit)
                 [ 00040626 ]  00020313          *   0000000a              : exit.obj (.cinit)
                 [ 0004063a ]  0002031d          *   00000004   usbstk5515bsl.lib : usbstk5515_i2c.obj (.cinit)
                 [ 00040642 ]  00020321          *   00000001   --HOLE-- [fill = 0]

vectors      0     0004fe00  [ 00027f00 ] 00000100          *   
                   0004fe00  [ 00027f00 ] 00000100          *   rts55x.lib : vectors.obj (vectors)


GLOBAL SYMBOLS: SORTED ALPHABETICALLY BY Name 

abs. value/
byte addr   word addr   name
---------   ---------   ----
00000002                $TI_capability$C5500$CallingConvention
00000002                $TI_capability$C5500$MemoryModel
00000001                $TI_capability_requires_rev3
ffffffff                .bss
ffffffff                .data
ffffffff                .text
0002070c                C$$EXIT
00020000                _AIC3204_rset
00020022                _AIC_init
0002021c                _AIC_off
000201c4                _AIC_read2
000201f7                _AIC_write2
            00001960    _BP
            00001a60    _HP
            00001860    _LP
0004fe00                _Reset
00020321                _USBSTK5515_GPIO_getInput
00020223                _USBSTK5515_GPIO_init
00020227                _USBSTK5515_GPIO_setDirection
000202a4                _USBSTK5515_GPIO_setOutput
00020398                _USBSTK5515_I2C_close
00020379                _USBSTK5515_I2C_init
0002043e                _USBSTK5515_I2C_read
000203a1                _USBSTK5515_I2C_reset
000203af                _USBSTK5515_I2C_write
000205e1                _USBSTK5515_init
0002059b                _USBSTK5515_wait
000205cf                _USBSTK5515_waitusec
            00001060    __STACK_END
00002000                __STACK_SIZE
00001000                __SYSSTACK_SIZE
ffffffff                ___binit__
ffffffff                ___bss__
ffffffff                ___c_args__
            00020000    ___cinit__
ffffffff                ___data__
ffffffff                ___edata__
ffffffff                ___end__
ffffffff                ___etext__
ffffffff                ___pinit__
ffffffff                ___text__
0002063c                __args_main
            00001b64    __cleanup_ptr
            00001b66    __dtors_ptr
            00001b60    __lock
00020709                __nop
00020701                __register_lock
000206f9                __register_unlock
            00000060    __stack
            00001060    __sysstack
            00001b62    __unlock
0002070b                _abort
000205ef                _auto_init
000206c5                _c_int00
00020687                _exit
00020530                _fir
            00001b68    _i2c_timeout
000204d3                _main
000204b7                _switch_LED
ffffffff                binit
            00020000    cinit
ffffffff                edata
ffffffff                end
ffffffff                etext
ffffffff                pinit


GLOBAL SYMBOLS: SORTED BY Symbol Address 

abs. value/
byte addr   word addr   name
---------   ---------   ----
00000001                $TI_capability_requires_rev3
00000002                $TI_capability$C5500$CallingConvention
00000002                $TI_capability$C5500$MemoryModel
            00000060    __stack
00001000                __SYSSTACK_SIZE
00002000                __STACK_SIZE
            00001060    __STACK_END
            00001060    __sysstack
            00001860    _LP
            00001960    _BP
            00001a60    _HP
            00001b60    __lock
            00001b62    __unlock
            00001b64    __cleanup_ptr
            00001b66    __dtors_ptr
            00001b68    _i2c_timeout
00020000                _AIC3204_rset
00020022                _AIC_init
000201c4                _AIC_read2
000201f7                _AIC_write2
0002021c                _AIC_off
00020223                _USBSTK5515_GPIO_init
00020227                _USBSTK5515_GPIO_setDirection
000202a4                _USBSTK5515_GPIO_setOutput
00020321                _USBSTK5515_GPIO_getInput
00020379                _USBSTK5515_I2C_init
00020398                _USBSTK5515_I2C_close
000203a1                _USBSTK5515_I2C_reset
000203af                _USBSTK5515_I2C_write
0002043e                _USBSTK5515_I2C_read
000204b7                _switch_LED
000204d3                _main
00020530                _fir
0002059b                _USBSTK5515_wait
000205cf                _USBSTK5515_waitusec
000205e1                _USBSTK5515_init
000205ef                _auto_init
0002063c                __args_main
00020687                _exit
000206c5                _c_int00
000206f9                __register_unlock
00020701                __register_lock
00020709                __nop
0002070b                _abort
0002070c                C$$EXIT
            00020000    ___cinit__
            00020000    cinit
0004fe00                _Reset
ffffffff                .bss
ffffffff                .data
ffffffff                .text
ffffffff                ___binit__
ffffffff                ___bss__
ffffffff                ___c_args__
ffffffff                ___data__
ffffffff                ___edata__
ffffffff                ___end__
ffffffff                ___etext__
ffffffff                ___pinit__
ffffffff                ___text__
ffffffff                binit
ffffffff                edata
ffffffff                end
ffffffff                etext
ffffffff                pinit

[65 symbols]
