******************************************************************************
              TMS320C55x Linker PC v4.3.6                      
******************************************************************************
>> Linked Wed Nov 08 15:03:54 2017

OUTPUT FILE NAME:   <src.out>
ENTRY POINT SYMBOL: "_c_int00"  address: 00025004


MEMORY CONFIGURATION

         name            origin    length      used     unused   attr    fill
                        (bytes)   (bytes)    (bytes)   (bytes)
----------------------  --------  ---------  --------  --------  ----  --------
PAGE 0:
  MMR                   00000000   000000c0  00000000  000000c0  RWIX
  DARAM0                000000c0   0000ff40  00007096  00008eaa  RWIX
  SARAM0                00010000   00010000  00000000  00010000  RWIX
  SARAM1                00020000   00020000  00005128  0001aed8  RWIX
  SARAM2                00040000   0000fe00  00001188  0000ec78  RWIX
  VECS                  0004fe00   00000200  00000100  00000100  RWIX
  PDROM                 00ff8000   00008000  00000000  00008000  R IX

PAGE 2:
  IOPORT                00000000   00020000  00000000  00020000  RWI 


SECTION ALLOCATION MAP
(Addresses surrounded by []'s are displayed for convenience only!)

output                                                          attributes/
section   page  orgn(bytes) orgn(words) len(bytes) len(words)   input sections
--------  ----  ----------- ----------- ---------- ----------   --------------
.pinit       0   [ 00040000 ]  00020000          *   00000000   UNINITIALIZED

.stack       0   [ 000000c0 ]  00000060          *   00001000   UNINITIALIZED
                 [ 000000c0 ]  00000060          *   00001000   --HOLE--

.data        0   [ 000000c0 ]  00000060          *   00000000   UNINITIALIZED

.sysstack 
*            0   [ 000020c0 ]  00001060          *   00000800   UNINITIALIZED
                 [ 000020c0 ]  00001060          *   00000800   --HOLE--

.sysmem      0   [ 000030c0 ]  00001860          *   00001000   UNINITIALIZED
                 [ 000030c0 ]  00001860          *   00001000   --HOLE--

.bss.1       0   [ 000050c0 ]  00002860          *   00000e61   UNINITIALIZED
                 [ 000050c0 ]  00002860          *   00000705   main.obj (.bss)
                 [ 00005eca ]  00002f65          *   00000400   lcd.obj (.bss)
                 [ 000066ca ]  00003365          *   00000001   rts55x.lib : fopen.obj (.bss)
                 [ 000066cc ]  00003366          *   00000119              : defs.obj (.bss)
                 [ 000068fe ]  0000347f          *   00000100   452_Labs_Essentials.lib : LCD_FCN.obj (.bss)
                 [ 00006afe ]  0000357f          *   000000d0   rts55x.lib : trgdrv.obj (.bss)
                 [ 00006c9e ]  0000364f          *   00000001   usbstk5515bsl.lib : usbstk5515_i2c.obj (.bss)
                 [ 00006ca0 ]  00003650          *   00000071   rts55x.lib : lowlev.obj (.bss)

.bss.2       0   [ 00006d84 ]  000036c2          *   00000011   UNINITIALIZED
                 [ 00006d84 ]  000036c2          *   00000006   rts55x.lib : memory.obj (.bss)
                 [ 00006d90 ]  000036c8          *   00000004              : _lock.obj (.bss)
                 [ 00006d98 ]  000036cc          *   00000004              : exit.obj (.bss)
                 [ 00006da0 ]  000036d0          *   00000003   452_Labs_Essentials.lib : sar.obj (.bss)

.const.1     0   [ 00006da8 ]  000036d4          *   00000101   
                 [ 00006da8 ]  000036d4          *   00000101   rts55x.lib : ctype.obj (.const:__ctypes_)

.const.2     0   [ 00006fac ]  000037d6          *   000000b7   
                 [ 00006fac ]  000037d6          *   0000007c   main.obj (.const:.string)
                 [ 000070a4 ]  00003852          *   00000024   rts55x.lib : _printfi.obj (.const:.string)
                 [ 000070ec ]  00003876          *   00000017   lcd.obj (.const:.string)

.const.3     0   [ 0000711c ]  0000388e          *   0000001b   
                 [ 0000711c ]  0000388e          *   0000000c   rts55x.lib : _printfi.obj (.const)
                 [ 00007134 ]  0000389a          *   00000008              : divd.obj (.const:_initial_approx$1)
                 [ 00007144 ]  000038a2          *   00000007   main.obj (.const:_GAIN)

.const.4     0   [ 00007154 ]  000038aa          *   00000006   
                 [ 00007154 ]  000038aa          *   00000002   rts55x.lib : fputs.obj (.const:.string)
                 [ 00007158 ]  000038ac          *   00000002              : divd.obj (.const)
                 [ 0000715c ]  000038ae          *   00000002              : fltlid.obj (.const)

.text        0     00020000  [ 00010000 ] 00005128          *   
                   00020000  [ 00010000 ] 00001598          *   rts55x.lib : _printfi.obj (.text)
                   00021598  [ 00010acc ] 00000543          *              : lowlev.obj (.text)
                   00021adb  [ 00010d6d+] 00000528          *              : trgdrv.obj (.text)
                   00022003  [ 00011001+] 000004b5          *              : memory.obj (.text)
                   000224b8  [ 0001125c ] 0000036c          *              : divd.obj (.text)
                   00022824  [ 00011412 ] 0000034f          *   main.obj (.text)
                   00022b73  [ 000115b9+] 0000031a          *   452_Labs_Essentials.lib : LCD_FCN.obj (.text)
                   00022e8d  [ 00011746+] 00000296          *   lcd.obj (.text)
                   00023123  [ 00011891+] 0000027f          *   rts55x.lib : fopen.obj (.text)
                   000233a2  [ 000119d1 ] 0000025e          *              : llmpy.obj (.text)
                   00023600  [ 00011b00 ] 00000259          *              : addd.obj (.text)
                   00023859  [ 00011c2c+] 00000230          *   452_Labs_Essentials.lib : sar.obj (.text)
                   00023a89  [ 00011d44+] 00000223          *                           : AIC_func.obj (.text)
                   00023cac  [ 00011e56 ] 000001ea          *   rts55x.lib : cmpd.obj (.text)
                   00023e96  [ 00011f4b ] 00000163          *              : fputs.obj (.text)
                   00023ff9  [ 00011ffc+] 00000156          *   usbstk5515bsl.lib : usbstk5515_gpio.obj (.text)
                   0002414f  [ 000120a7+] 0000014c          *   rts55x.lib : mpyd.obj (.text)
                   0002429b  [ 0001214d+] 0000013e          *   usbstk5515bsl.lib : usbstk5515_i2c.obj (.text)
                   000243d9  [ 000121ec+] 000000e6          *   rts55x.lib : setvbuf.obj (.text)
                   000244bf  [ 0001225f+] 000000dd          *              : _io_perm.obj (.text)
                   0002459c  [ 000122ce ] 000000c8          *              : frcmpyd_div.obj (.text)
                   00024664  [ 00012332 ] 000000c2          *              : fflush.obj (.text)
                   00024726  [ 00012393 ] 000000ba          *              : trgmsg.obj (.text:CIO_breakpoint)
                   000247e0  [ 000123f0 ] 000000a6          *              : fputc.obj (.text)
                   00024886  [ 00012443 ] 000000a1          *              : divul.obj (.text)
                   00024927  [ 00012493+] 0000007d          *              : ltoa.obj (.text)
                   000249a4  [ 000124d2 ] 0000007b          *              : fclose.obj (.text)
                   00024a1f  [ 0001250f+] 00000076          *              : frcmpyd.obj (.text)
                   00024a95  [ 0001254a+] 00000072          *              : remul.obj (.text)
                   00024b07  [ 00012583+] 0000006f          *              : fixdli.obj (.text)
                   00024b76  [ 000125bb ] 0000006d          *              : trgmsg.obj (.text)
                   00024be3  [ 000125f1+] 0000006b          *   55xdspx_LARGE.lib : fir.obj (.text)
                   00024c4e  [ 00012627 ] 0000006b          *   rts55x.lib : fseek.obj (.text)
                   00024cb9  [ 0001265c+] 00000067          *              : fltlid.obj (.text)
                   00024d20  [ 00012690 ] 0000005c          *              : atoi.obj (.text)
                   00024d7c  [ 000126be ] 00000054          *   usbstk5515bsl.lib : usbstk5515.obj (.text)
                   00024dd0  [ 000126e8 ] 00000050          *   rts55x.lib : printf.obj (.text)
                   00024e20  [ 00012710 ] 0000004d          *              : autoinit.obj (.text)
                   00024e6d  [ 00012736+] 0000004b          *              : args_main.obj (.text)
                   00024eb8  [ 0001275c ] 0000004b          *              : remli.obj (.text)
                   00024f03  [ 00012781+] 00000048          *              : divli.obj (.text)
                   00024f4b  [ 000127a5+] 0000003f          *              : memcpy.obj (.text)
                   00024f8a  [ 000127c5 ] 0000003e          *              : exit.obj (.text)
                   00024fc8  [ 000127e4 ] 0000003c          *              : idiv.obj (.text)
                   00025004  [ 00012802 ] 00000034          *              : boot.obj (.text)
                   00025038  [ 0001281c ] 0000002a          *              : fixdi.obj (.text)
                   00025062  [ 00012831 ] 0000002a          *              : udiv.obj (.text)
                   0002508c  [ 00012846 ] 00000023          *              : memccpy.obj (.text)
                   000250af  [ 00012857+] 0000001c          *              : isinf.obj (.text)
                   000250cb  [ 00012865+] 00000014          *              : subd.obj (.text)
                   000250df  [ 0001286f+] 00000013          *              : lmpy.obj (.text)
                   000250f2  [ 00012879 ] 00000012          *              : _lock.obj (.text)
                   00025104  [ 00012882 ] 00000010          *              : negd.obj (.text)
                   00025114  [ 0001288a ] 0000000a          *              : remove.obj (.text)
                   0002511e  [ 0001288f ] 00000007          *              : exit.obj (.text:CIO_breakpoint)
                   00025125  [ 00012892+] 00000002          *              : vectors.obj (.text)
                   00025127  [ 00012893 ] 00000001          *   --HOLE-- [fill = 20]

.cinit       0   [ 00040000 ]  00020000          *   000007a4   
                 [ 00040000 ]  00020000          *   00000403   lcd.obj (.cinit)
                 [ 00040806 ]  00020403          *   0000031d   main.obj (.cinit)
                 [ 00040e40 ]  00020720          *   0000002d   rts55x.lib : lowlev.obj (.cinit)
                 [ 00040e9a ]  0002074d          *   0000002a              : defs.obj (.cinit)
                 [ 00040eee ]  00020777          *   0000000c   452_Labs_Essentials.lib : sar.obj (.cinit)
                 [ 00040f06 ]  00020783          *   0000000a   rts55x.lib : _lock.obj (.cinit)
                 [ 00040f1a ]  0002078d          *   0000000a              : exit.obj (.cinit)
                 [ 00040f2e ]  00020797          *   00000004              : fopen.obj (.cinit)
                 [ 00040f36 ]  0002079b          *   00000004              : memory.obj (.cinit)
                 [ 00040f3e ]  0002079f          *   00000004   usbstk5515bsl.lib : usbstk5515_i2c.obj (.cinit)
                 [ 00040f46 ]  000207a3          *   00000001   --HOLE-- [fill = 0]

.cio         0   [ 00040f48 ]  000207a4          *   00000120   UNINITIALIZED
                 [ 00040f48 ]  000207a4          *   00000120   rts55x.lib : trgmsg.obj (.cio)

vectors      0     0004fe00  [ 00027f00 ] 00000100          *   
                   0004fe00  [ 00027f00 ] 00000100          *   rts55x.lib : vectors.obj (vectors)


GLOBAL SYMBOLS: SORTED ALPHABETICALLY BY Name 

abs. value/
byte addr   word addr   name
---------   ---------   ----
00000002                $TI_capability$C5500$CallingConvention
00000002                $TI_capability$C5500$MemoryModel
00000001                $TI_capability_requires_rev3
ffffffff                .bss
ffffffff                .data
ffffffff                .text
0002511f                C$$EXIT
000247db                C$$IO$$
00024fc8                I$$DIV
000250df                I$$LMPY
00024fe7                I$$MOD
00025062                I$$UDIV
00025077                I$$UMOD
00023a89                _AIC3204_rset
00023aab                _AIC_init
00023ca5                _AIC_off
00023c4d                _AIC_read2
00023c80                _AIC_write2
            000034ff    _BOTTOM
            00002960    _BP
            000038a2    _GAIN
000239eb                _Get_Key_Human
000238e2                _Get_Sar_Key
00021fa5                _HOSTclock
00021f3a                _HOSTclose
00021e85                _HOSTlseek
00021de6                _HOSTopen
00021d59                _HOSTread
00021cab                _HOSTrename
00021c4d                _HOSTtime
00021be3                _HOSTunlink
00021b56                _HOSTwrite
            00002a60    _HP
00023859                _Init_SAR
00022cdd                _LCD_Display
00022bdf                _LCD_init
            00002860    _LP
00022b93                _OSD9616_multiSend
00022b73                _OSD9616_send
00023871                _Read_GPAIN1
0004fe00                _Reset
            0000347f    _TOP
000240f7                _USBSTK5515_GPIO_getInput
00023ff9                _USBSTK5515_GPIO_init
00023ffd                _USBSTK5515_GPIO_setDirection
0002407a                _USBSTK5515_GPIO_setOutput
000242ba                _USBSTK5515_I2C_close
0002429b                _USBSTK5515_I2C_init
00024360                _USBSTK5515_I2C_read
000242c3                _USBSTK5515_I2C_reset
000242d1                _USBSTK5515_I2C_write
00024dc2                _USBSTK5515_init
00024d7c                _USBSTK5515_wait
00024db0                _USBSTK5515_waitusec
            000207a4    __CIOBUF_
            00001060    __STACK_END
00002000                __STACK_SIZE
00002000                __SYSMEM_SIZE
00001000                __SYSSTACK_SIZE
ffffffff                ___binit__
ffffffff                ___bss__
ffffffff                ___c_args__
            00020000    ___cinit__
ffffffff                ___data__
ffffffff                ___edata__
ffffffff                ___end__
ffffffff                ___etext__
000250af                ___isinf
ffffffff                ___pinit__
ffffffff                ___text__
00023600                __addd
00024e6d                __args_main
00023244                __cleanup
            000036cc    __cleanup_ptr
00023e3e                __cmpd
            000036d4    __ctypes_
000224da                __divd
00024fc8                __divi
00024f03                __divli
000235cb                __divlli
00025062                __divu
00024886                __divul
000234d7                __divull
00024664                __doflush
            000036ce    __dtors_ptr
00023e0a                __eqld
00025038                __fixdi
00024b07                __fixdli
00024cb9                __fltlid
00024a1f                __frcmpyd
0002459c                __frcmpyd_div
            0000347e    __ft_end
            00003366    __ftable
00023dc0                __geqd
00023d75                __gtrd
00023d28                __leqd
            000036c8    __lock
00023ce0                __lssd
0002414f                __mpyd
000250df                __mpyli
0002341f                __mpylli
00025104                __negd
00023cac                __neqd
00025102                __nop
00021356                __printfi
0002453f                __rd_ok
000250fa                __register_lock
000250f2                __register_unlock
00024fe7                __remi
00024eb8                __remli
000233f0                __remlli
00025077                __remu
00024a95                __remul
000233a2                __remull
            00000060    __stack
000250cb                __subd
            00001860    __sys_memory
            00001060    __sysstack
            000033de    __tmpnams
            000036ca    __unlock
000244bf                __wrt_ok
0002511e                _abort
000219eb                _add_device
00024d20                _atoi
00024e20                _auto_init
            00002d62    _bCoe
            00002b61    _bypass
00025004                _c_int00
00022964                _calCoe
00022492                _calloc
            00002f65    _characters
0002248a                _chkheap
00022e8d                _clearLcd
00021978                _close
            00002b62    _coefficient
00023037                _displayBypass
00023067                _displayFilter
0002308c                _displayHighlight
000230e8                _displayLevel
00022824                _displayStat
00022f77                _drawChar
00022fad                _drawInv
00022f2d                _drawOnRow
00023010                _drawSentence
00022fe6                _drawSpace
00024f8a                _exit
000249a4                _fclose
000246cd                _fflush
            00002b60    _filter
0002196f                _find_registered_device
00024be3                _fir
00023367                _fopen
000247e0                _fputc
00023e96                _fputs
00022003                _free
00022434                _free_memory
0002329e                _freopen
00024c4e                _fseek
            00002f63    _gainBand
            00002f64    _gainHigh
            00002f62    _gainLow
00021adb                _getenv
            00002e62    _hCoe
            0000364f    _i2c_timeout
            000036d1    _keyCnt1
            000036d2    _keyCnt2
            00002c62    _lCoe
00021909                _lseek
00024927                _ltoa
00022aac                _main
00022134                _malloc
000223da                _max_free
0002508c                _memccpy
00024f4b                _memcpy
000220cf                _minit
0002184a                _open
            000036d0    _preKey
00024dd0                _printf
000247e0                _putc
00024877                _putchar
00023fcb                _puts
0002179c                _read
00024b76                _readmsg
00022229                _realloc
000228cc                _refreshLcd
00025114                _remove
00021766                _remove_device
0002170d                _rename
000243d9                _setvbuf
00022f1d                _stopScroll
000229ad                _switchFilter
000216da                _unlink
00022901                _vectorAdd
00021598                _write
00024726                _writemsg
ffffffff                binit
            00020000    cinit
ffffffff                edata
ffffffff                end
ffffffff                etext
ffffffff                pinit


GLOBAL SYMBOLS: SORTED BY Symbol Address 

abs. value/
byte addr   word addr   name
---------   ---------   ----
00000001                $TI_capability_requires_rev3
00000002                $TI_capability$C5500$CallingConvention
00000002                $TI_capability$C5500$MemoryModel
            00000060    __stack
00001000                __SYSSTACK_SIZE
00002000                __STACK_SIZE
00002000                __SYSMEM_SIZE
            00001060    __STACK_END
            00001060    __sysstack
            00001860    __sys_memory
            00002860    _LP
            00002960    _BP
            00002a60    _HP
            00002b60    _filter
            00002b61    _bypass
            00002b62    _coefficient
            00002c62    _lCoe
            00002d62    _bCoe
            00002e62    _hCoe
            00002f62    _gainLow
            00002f63    _gainBand
            00002f64    _gainHigh
            00002f65    _characters
            00003366    __ftable
            000033de    __tmpnams
            0000347e    __ft_end
            0000347f    _TOP
            000034ff    _BOTTOM
            0000364f    _i2c_timeout
            000036c8    __lock
            000036ca    __unlock
            000036cc    __cleanup_ptr
            000036ce    __dtors_ptr
            000036d0    _preKey
            000036d1    _keyCnt1
            000036d2    _keyCnt2
            000036d4    __ctypes_
            000038a2    _GAIN
00021356                __printfi
00021598                _write
000216da                _unlink
0002170d                _rename
00021766                _remove_device
0002179c                _read
0002184a                _open
00021909                _lseek
0002196f                _find_registered_device
00021978                _close
000219eb                _add_device
00021adb                _getenv
00021b56                _HOSTwrite
00021be3                _HOSTunlink
00021c4d                _HOSTtime
00021cab                _HOSTrename
00021d59                _HOSTread
00021de6                _HOSTopen
00021e85                _HOSTlseek
00021f3a                _HOSTclose
00021fa5                _HOSTclock
00022003                _free
000220cf                _minit
00022134                _malloc
00022229                _realloc
000223da                _max_free
00022434                _free_memory
0002248a                _chkheap
00022492                _calloc
000224da                __divd
00022824                _displayStat
000228cc                _refreshLcd
00022901                _vectorAdd
00022964                _calCoe
000229ad                _switchFilter
00022aac                _main
00022b73                _OSD9616_send
00022b93                _OSD9616_multiSend
00022bdf                _LCD_init
00022cdd                _LCD_Display
00022e8d                _clearLcd
00022f1d                _stopScroll
00022f2d                _drawOnRow
00022f77                _drawChar
00022fad                _drawInv
00022fe6                _drawSpace
00023010                _drawSentence
00023037                _displayBypass
00023067                _displayFilter
0002308c                _displayHighlight
000230e8                _displayLevel
00023244                __cleanup
0002329e                _freopen
00023367                _fopen
000233a2                __remull
000233f0                __remlli
0002341f                __mpylli
000234d7                __divull
000235cb                __divlli
00023600                __addd
00023859                _Init_SAR
00023871                _Read_GPAIN1
000238e2                _Get_Sar_Key
000239eb                _Get_Key_Human
00023a89                _AIC3204_rset
00023aab                _AIC_init
00023c4d                _AIC_read2
00023c80                _AIC_write2
00023ca5                _AIC_off
00023cac                __neqd
00023ce0                __lssd
00023d28                __leqd
00023d75                __gtrd
00023dc0                __geqd
00023e0a                __eqld
00023e3e                __cmpd
00023e96                _fputs
00023fcb                _puts
00023ff9                _USBSTK5515_GPIO_init
00023ffd                _USBSTK5515_GPIO_setDirection
0002407a                _USBSTK5515_GPIO_setOutput
000240f7                _USBSTK5515_GPIO_getInput
0002414f                __mpyd
0002429b                _USBSTK5515_I2C_init
000242ba                _USBSTK5515_I2C_close
000242c3                _USBSTK5515_I2C_reset
000242d1                _USBSTK5515_I2C_write
00024360                _USBSTK5515_I2C_read
000243d9                _setvbuf
000244bf                __wrt_ok
0002453f                __rd_ok
0002459c                __frcmpyd_div
00024664                __doflush
000246cd                _fflush
00024726                _writemsg
000247db                C$$IO$$
000247e0                _fputc
000247e0                _putc
00024877                _putchar
00024886                __divul
00024927                _ltoa
000249a4                _fclose
00024a1f                __frcmpyd
00024a95                __remul
00024b07                __fixdli
00024b76                _readmsg
00024be3                _fir
00024c4e                _fseek
00024cb9                __fltlid
00024d20                _atoi
00024d7c                _USBSTK5515_wait
00024db0                _USBSTK5515_waitusec
00024dc2                _USBSTK5515_init
00024dd0                _printf
00024e20                _auto_init
00024e6d                __args_main
00024eb8                __remli
00024f03                __divli
00024f4b                _memcpy
00024f8a                _exit
00024fc8                I$$DIV
00024fc8                __divi
00024fe7                I$$MOD
00024fe7                __remi
00025004                _c_int00
00025038                __fixdi
00025062                I$$UDIV
00025062                __divu
00025077                I$$UMOD
00025077                __remu
0002508c                _memccpy
000250af                ___isinf
000250cb                __subd
000250df                I$$LMPY
000250df                __mpyli
000250f2                __register_unlock
000250fa                __register_lock
00025102                __nop
00025104                __negd
00025114                _remove
0002511e                _abort
0002511f                C$$EXIT
            00020000    ___cinit__
            00020000    cinit
            000207a4    __CIOBUF_
0004fe00                _Reset
ffffffff                .bss
ffffffff                .data
ffffffff                .text
ffffffff                ___binit__
ffffffff                ___bss__
ffffffff                ___c_args__
ffffffff                ___data__
ffffffff                ___edata__
ffffffff                ___end__
ffffffff                ___etext__
ffffffff                ___pinit__
ffffffff                ___text__
ffffffff                binit
ffffffff                edata
ffffffff                end
ffffffff                etext
ffffffff                pinit

[201 symbols]
